Archive member included because of file (symbol)

d:/winavr-20100110/bin/../lib/gcc/avr/4.3.3/avr25\libgcc.a(_mulhi3.o)
                              tamagotchi.o (__mulhi3)
d:/winavr-20100110/bin/../lib/gcc/avr/4.3.3/avr25\libgcc.a(_exit.o)
                              d:/winavr-20100110/bin/../lib/gcc/avr/4.3.3/../../../../avr/lib/avr25/crttn44.o (exit)
d:/winavr-20100110/bin/../lib/gcc/avr/4.3.3/avr25\libgcc.a(_copy_data.o)
                              tamagotchi.o (__do_copy_data)
d:/winavr-20100110/bin/../lib/gcc/avr/4.3.3/avr25\libgcc.a(_clear_bss.o)
                              tamagotchi.o (__do_clear_bss)

Allocating common symbols
Common symbol       size              file

eebuf               0x40              tamagotchi.o
fatimer             0x1               tamagotchi.o
rs                  0x1               tamagotchi.o
state               0x1               tamagotchi.o
buf                 0x20              tamagotchi.o
rbit                0x1               tamagotchi.o
first               0x1               tamagotchi.o
bufidx              0x1               tamagotchi.o
xdir                0x2               tamagotchi.o

Memory Configuration

Name             Origin             Length             Attributes
text             0x00000000         0x00002000         xr
data             0x00800060         0x0000ffa0         rw !x
eeprom           0x00810000         0x00010000         rw !x
fuse             0x00820000         0x00000400         rw !x
lock             0x00830000         0x00000400         rw !x
signature        0x00840000         0x00000400         rw !x
*default*        0x00000000         0xffffffff

Linker script and memory map

LOAD d:/winavr-20100110/bin/../lib/gcc/avr/4.3.3/../../../../avr/lib/avr25/crttn44.o
LOAD tamagotchi.o
LOAD lcd.o
LOAD exee.o
LOAD d:/winavr-20100110/bin/../lib/gcc/avr/4.3.3/avr25\libgcc.a
LOAD d:/winavr-20100110/bin/../lib/gcc/avr/4.3.3/../../../../avr/lib/avr25\libc.a
LOAD d:/winavr-20100110/bin/../lib/gcc/avr/4.3.3/avr25\libgcc.a

.hash
 *(.hash)

.dynsym
 *(.dynsym)

.dynstr
 *(.dynstr)

.gnu.version
 *(.gnu.version)

.gnu.version_d
 *(.gnu.version_d)

.gnu.version_r
 *(.gnu.version_r)

.rel.init
 *(.rel.init)

.rela.init
 *(.rela.init)

.rel.text
 *(.rel.text)
 *(.rel.text.*)
 *(.rel.gnu.linkonce.t*)

.rela.text
 *(.rela.text)
 *(.rela.text.*)
 *(.rela.gnu.linkonce.t*)

.rel.fini
 *(.rel.fini)

.rela.fini
 *(.rela.fini)

.rel.rodata
 *(.rel.rodata)
 *(.rel.rodata.*)
 *(.rel.gnu.linkonce.r*)

.rela.rodata
 *(.rela.rodata)
 *(.rela.rodata.*)
 *(.rela.gnu.linkonce.r*)

.rel.data
 *(.rel.data)
 *(.rel.data.*)
 *(.rel.gnu.linkonce.d*)

.rela.data
 *(.rela.data)
 *(.rela.data.*)
 *(.rela.gnu.linkonce.d*)

.rel.ctors
 *(.rel.ctors)

.rela.ctors
 *(.rela.ctors)

.rel.dtors
 *(.rel.dtors)

.rela.dtors
 *(.rela.dtors)

.rel.got
 *(.rel.got)

.rela.got
 *(.rela.got)

.rel.bss
 *(.rel.bss)

.rela.bss
 *(.rela.bss)

.rel.plt
 *(.rel.plt)

.rela.plt
 *(.rela.plt)

.text           0x00000000      0xa82
 *(.vectors)
 .vectors       0x00000000       0x22 d:/winavr-20100110/bin/../lib/gcc/avr/4.3.3/../../../../avr/lib/avr25/crttn44.o
                0x00000000                __vectors
                0x00000000                __vector_default
 *(.vectors)
 *(.progmem.gcc*)
 *(.progmem*)
                0x00000022                . = ALIGN (0x2)
                0x00000022                __trampolines_start = .
 *(.trampolines)
 .trampolines   0x00000022        0x0 linker stubs
 *(.trampolines*)
                0x00000022                __trampolines_end = .
 *(.jumptables)
 *(.jumptables*)
 *(.lowtext)
 *(.lowtext*)
                0x00000022                __ctors_start = .
 *(.ctors)
                0x00000022                __ctors_end = .
                0x00000022                __dtors_start = .
 *(.dtors)
                0x00000022                __dtors_end = .
 SORT(*)(.ctors)
 SORT(*)(.dtors)
 *(.init0)
 .init0         0x00000022        0x0 d:/winavr-20100110/bin/../lib/gcc/avr/4.3.3/../../../../avr/lib/avr25/crttn44.o
                0x00000022                __init
 *(.init0)
 *(.init1)
 *(.init1)
 *(.init2)
 .init2         0x00000022        0xc d:/winavr-20100110/bin/../lib/gcc/avr/4.3.3/../../../../avr/lib/avr25/crttn44.o
 *(.init2)
 *(.init3)
 *(.init3)
 *(.init4)
 .init4         0x0000002e       0x16 d:/winavr-20100110/bin/../lib/gcc/avr/4.3.3/avr25\libgcc.a(_copy_data.o)
                0x0000002e                __do_copy_data
 .init4         0x00000044       0x10 d:/winavr-20100110/bin/../lib/gcc/avr/4.3.3/avr25\libgcc.a(_clear_bss.o)
                0x00000044                __do_clear_bss
 *(.init4)
 *(.init5)
 *(.init5)
 *(.init6)
 *(.init6)
 *(.init7)
 *(.init7)
 *(.init8)
 *(.init8)
 *(.init9)
 .init9         0x00000054        0x4 d:/winavr-20100110/bin/../lib/gcc/avr/4.3.3/../../../../avr/lib/avr25/crttn44.o
 *(.init9)
 *(.text)
 .text          0x00000058        0x2 d:/winavr-20100110/bin/../lib/gcc/avr/4.3.3/../../../../avr/lib/avr25/crttn44.o
                0x00000058                __vector_12
                0x00000058                __bad_interrupt
                0x00000058                __vector_6
                0x00000058                __vector_11
                0x00000058                __vector_13
                0x00000058                __vector_7
                0x00000058                __vector_5
                0x00000058                __vector_4
                0x00000058                __vector_9
                0x00000058                __vector_15
                0x00000058                __vector_14
                0x00000058                __vector_10
                0x00000058                __vector_16
 .text          0x0000005a      0x662 tamagotchi.o
                0x0000050c                __vector_1
                0x000000da                refresh_icons
                0x0000006c                selbeep
                0x000001f4                __vector_3
                0x0000005a                get_adc
                0x00000276                main
                0x000001f4                __vector_2
                0x000000b4                __vector_8
                0x00000090                valbeep
 .text          0x000006bc      0x1b8 lcd.o
                0x000006bc                txlcd
                0x000007fc                lcdtxt
                0x00000740                drawlcd
                0x000007a2                drawfur
                0x00000712                clrlcd
                0x0000072a                lcdxy
 .text          0x00000874      0x1e6 exee.o
                0x000009e0                exee_read_byte
                0x000009b8                i2c_noreadack
                0x000008d8                i2c_write
                0x0000088e                i2c_start
                0x000008ae                i2c_stop
                0x0000094e                i2c_read
                0x00000874                i2c_io_set_sda
                0x00000882                i2c_io_set_scl
                0x00000a08                exee_read_buf
                0x00000986                i2c_readack
 .text          0x00000a5a        0x0 d:/winavr-20100110/bin/../lib/gcc/avr/4.3.3/avr25\libgcc.a(_mulhi3.o)
 .text          0x00000a5a        0x0 d:/winavr-20100110/bin/../lib/gcc/avr/4.3.3/avr25\libgcc.a(_exit.o)
 .text          0x00000a5a        0x0 d:/winavr-20100110/bin/../lib/gcc/avr/4.3.3/avr25\libgcc.a(_copy_data.o)
 .text          0x00000a5a        0x0 d:/winavr-20100110/bin/../lib/gcc/avr/4.3.3/avr25\libgcc.a(_clear_bss.o)
                0x00000a5a                . = ALIGN (0x2)
 *(.text.*)
 .text.libgcc   0x00000a5a       0x24 d:/winavr-20100110/bin/../lib/gcc/avr/4.3.3/avr25\libgcc.a(_mulhi3.o)
                0x00000a5a                __mulhi3
 .text.libgcc   0x00000a7e        0x0 d:/winavr-20100110/bin/../lib/gcc/avr/4.3.3/avr25\libgcc.a(_exit.o)
 .text.libgcc   0x00000a7e        0x0 d:/winavr-20100110/bin/../lib/gcc/avr/4.3.3/avr25\libgcc.a(_copy_data.o)
 .text.libgcc   0x00000a7e        0x0 d:/winavr-20100110/bin/../lib/gcc/avr/4.3.3/avr25\libgcc.a(_clear_bss.o)
                0x00000a7e                . = ALIGN (0x2)
 *(.fini9)
 .fini9         0x00000a7e        0x0 d:/winavr-20100110/bin/../lib/gcc/avr/4.3.3/avr25\libgcc.a(_exit.o)
                0x00000a7e                exit
                0x00000a7e                _exit
 *(.fini9)
 *(.fini8)
 *(.fini8)
 *(.fini7)
 *(.fini7)
 *(.fini6)
 *(.fini6)
 *(.fini5)
 *(.fini5)
 *(.fini4)
 *(.fini4)
 *(.fini3)
 *(.fini3)
 *(.fini2)
 *(.fini2)
 *(.fini1)
 *(.fini1)
 *(.fini0)
 .fini0         0x00000a7e        0x4 d:/winavr-20100110/bin/../lib/gcc/avr/4.3.3/avr25\libgcc.a(_exit.o)
 *(.fini0)
                0x00000a82                _etext = .

.data           0x00800060        0x2 load address 0x00000a82
                0x00800060                PROVIDE (__data_start, .)
 *(.data)
 .data          0x00800060        0x0 d:/winavr-20100110/bin/../lib/gcc/avr/4.3.3/../../../../avr/lib/avr25/crttn44.o
 .data          0x00800060        0x2 tamagotchi.o
                0x00800060                xpos
 .data          0x00800062        0x0 lcd.o
 .data          0x00800062        0x0 exee.o
 .data          0x00800062        0x0 d:/winavr-20100110/bin/../lib/gcc/avr/4.3.3/avr25\libgcc.a(_mulhi3.o)
 .data          0x00800062        0x0 d:/winavr-20100110/bin/../lib/gcc/avr/4.3.3/avr25\libgcc.a(_exit.o)
 .data          0x00800062        0x0 d:/winavr-20100110/bin/../lib/gcc/avr/4.3.3/avr25\libgcc.a(_copy_data.o)
 .data          0x00800062        0x0 d:/winavr-20100110/bin/../lib/gcc/avr/4.3.3/avr25\libgcc.a(_clear_bss.o)
 *(.data*)
 *(.rodata)
 *(.rodata*)
 *(.gnu.linkonce.d*)
                0x00800062                . = ALIGN (0x2)
                0x00800062                _edata = .
                0x00800062                PROVIDE (__data_end, .)

.bss            0x00800062       0x6b
                0x00800062                PROVIDE (__bss_start, .)
 *(.bss)
 .bss           0x00800062        0x0 d:/winavr-20100110/bin/../lib/gcc/avr/4.3.3/../../../../avr/lib/avr25/crttn44.o
 .bss           0x00800062        0x3 tamagotchi.o
                0x00800062                stat_sleepy
                0x00800064                icon_sel
 .bss           0x00800065        0x0 lcd.o
 .bss           0x00800065        0x0 exee.o
 .bss           0x00800065        0x0 d:/winavr-20100110/bin/../lib/gcc/avr/4.3.3/avr25\libgcc.a(_mulhi3.o)
 .bss           0x00800065        0x0 d:/winavr-20100110/bin/../lib/gcc/avr/4.3.3/avr25\libgcc.a(_exit.o)
 .bss           0x00800065        0x0 d:/winavr-20100110/bin/../lib/gcc/avr/4.3.3/avr25\libgcc.a(_copy_data.o)
 .bss           0x00800065        0x0 d:/winavr-20100110/bin/../lib/gcc/avr/4.3.3/avr25\libgcc.a(_clear_bss.o)
 *(.bss*)
 *(COMMON)
 COMMON         0x00800065       0x68 tamagotchi.o
                0x00800065                eebuf
                0x008000a5                fatimer
                0x008000a6                rs
                0x008000a7                state
                0x008000a8                buf
                0x008000c8                rbit
                0x008000c9                first
                0x008000ca                bufidx
                0x008000cb                xdir
                0x008000cd                PROVIDE (__bss_end, .)
                0x00000a82                __data_load_start = LOADADDR (.data)
                0x00000a84                __data_load_end = (__data_load_start + SIZEOF (.data))

.noinit         0x008000cd        0x0
                0x008000cd                PROVIDE (__noinit_start, .)
 *(.noinit*)
                0x008000cd                PROVIDE (__noinit_end, .)
                0x008000cd                _end = .
                0x008000cd                PROVIDE (__heap_start, .)

.eeprom         0x00810000        0x0
 *(.eeprom*)
                0x00810000                __eeprom_end = .

.fuse
 *(.fuse)
 *(.lfuse)
 *(.hfuse)
 *(.efuse)

.lock
 *(.lock*)

.signature
 *(.signature*)

.stab
 *(.stab)

.stabstr
 *(.stabstr)

.stab.excl
 *(.stab.excl)

.stab.exclstr
 *(.stab.exclstr)

.stab.index
 *(.stab.index)

.stab.indexstr
 *(.stab.indexstr)

.comment
 *(.comment)

.debug
 *(.debug)

.line
 *(.line)

.debug_srcinfo
 *(.debug_srcinfo)

.debug_sfnames
 *(.debug_sfnames)

.debug_aranges  0x00000000       0x60
 *(.debug_aranges)
 .debug_aranges
                0x00000000       0x20 tamagotchi.o
 .debug_aranges
                0x00000020       0x20 lcd.o
 .debug_aranges
                0x00000040       0x20 exee.o

.debug_pubnames
                0x00000000      0x217
 *(.debug_pubnames)
 .debug_pubnames
                0x00000000       0xfa tamagotchi.o
 .debug_pubnames
                0x000000fa       0x5e lcd.o
 .debug_pubnames
                0x00000158       0xbf exee.o

.debug_info     0x00000000     0x1354
 *(.debug_info)
 .debug_info    0x00000000      0x595 tamagotchi.o
 .debug_info    0x00000595      0x3e4 lcd.o
 .debug_info    0x00000979      0x9db exee.o
 *(.gnu.linkonce.wi.*)

.debug_abbrev   0x00000000      0x553
 *(.debug_abbrev)
 .debug_abbrev  0x00000000      0x20c tamagotchi.o
 .debug_abbrev  0x0000020c      0x18b lcd.o
 .debug_abbrev  0x00000397      0x1bc exee.o

.debug_line     0x00000000      0xf8a
 *(.debug_line)
 .debug_line    0x00000000      0x7da tamagotchi.o
 .debug_line    0x000007da      0x2f7 lcd.o
 .debug_line    0x00000ad1      0x4b9 exee.o

.debug_frame    0x00000000      0x1b0
 *(.debug_frame)
 .debug_frame   0x00000000       0x90 tamagotchi.o
 .debug_frame   0x00000090       0x70 lcd.o
 .debug_frame   0x00000100       0xb0 exee.o

.debug_str      0x00000000      0x24a
 *(.debug_str)
 .debug_str     0x00000000      0x182 tamagotchi.o
                                0x1b6 (size before relaxing)
 .debug_str     0x00000182       0x3e lcd.o
                                0x158 (size before relaxing)
 .debug_str     0x000001c0       0x8a exee.o
                                0x19f (size before relaxing)

.debug_loc      0x00000000      0x76a
 *(.debug_loc)
 .debug_loc     0x00000000      0x267 tamagotchi.o
 .debug_loc     0x00000267      0x276 lcd.o
 .debug_loc     0x000004dd      0x28d exee.o

.debug_macinfo
 *(.debug_macinfo)
OUTPUT(tamagotchi.elf elf32-avr)
LOAD linker stubs

.debug_ranges   0x00000000      0x1b0
 .debug_ranges  0x00000000      0x168 tamagotchi.o
 .debug_ranges  0x00000168       0x48 lcd.o
